###############################################################################
#
# IAR ELF Linker V7.40.2.8542/W32 for ARM                 20/Nov/2015  05:05:04
# Copyright 2007-2015 IAR Systems AB.
#
#    Output file  =  
#        E:\ACQ\Proj_ver09a_15102015\End_02\2013_11_25_Spirit1_Elektrolux\SPIRIT1_Library_Project\EWARM\DZ-SB-DISC01\Exe\2013_11_25_Spirit1_SB_Disc01_Elektrolux.out
#    Map file     =  
#        E:\ACQ\Proj_ver09a_15102015\End_02\2013_11_25_Spirit1_Elektrolux\SPIRIT1_Library_Project\EWARM\DZ-SB-DISC01\List\2013_11_25_Spirit1_SB_Disc01_Elektrolux.map
#    Command line =  
#        E:\ACQ\Proj_ver09a_15102015\End_02\2013_11_25_Spirit1_Elektrolux\SPIRIT1_Library_Project\EWARM\DZ-SB-DISC01\Obj\ACQ.o
#        E:\ACQ\Proj_ver09a_15102015\End_02\2013_11_25_Spirit1_Elektrolux\SPIRIT1_Library_Project\EWARM\DZ-SB-DISC01\Obj\End_Point.o
#        E:\ACQ\Proj_ver09a_15102015\End_02\2013_11_25_Spirit1_Elektrolux\SPIRIT1_Library_Project\EWARM\DZ-SB-DISC01\Obj\misc.o
#        E:\ACQ\Proj_ver09a_15102015\End_02\2013_11_25_Spirit1_Elektrolux\SPIRIT1_Library_Project\EWARM\DZ-SB-DISC01\Obj\SDK_EVAL_Com.o
#        E:\ACQ\Proj_ver09a_15102015\End_02\2013_11_25_Spirit1_Elektrolux\SPIRIT1_Library_Project\EWARM\DZ-SB-DISC01\Obj\SDK_EVAL_Config.o
#        E:\ACQ\Proj_ver09a_15102015\End_02\2013_11_25_Spirit1_Elektrolux\SPIRIT1_Library_Project\EWARM\DZ-SB-DISC01\Obj\SDK_EVAL_Gpio.o
#        E:\ACQ\Proj_ver09a_15102015\End_02\2013_11_25_Spirit1_Elektrolux\SPIRIT1_Library_Project\EWARM\DZ-SB-DISC01\Obj\SDK_EVAL_Led.o
#        E:\ACQ\Proj_ver09a_15102015\End_02\2013_11_25_Spirit1_Elektrolux\SPIRIT1_Library_Project\EWARM\DZ-SB-DISC01\Obj\SDK_EVAL_PM.o
#        E:\ACQ\Proj_ver09a_15102015\End_02\2013_11_25_Spirit1_Elektrolux\SPIRIT1_Library_Project\EWARM\DZ-SB-DISC01\Obj\SDK_EVAL_Spi_Driver.o
#        E:\ACQ\Proj_ver09a_15102015\End_02\2013_11_25_Spirit1_Elektrolux\SPIRIT1_Library_Project\EWARM\DZ-SB-DISC01\Obj\SDK_EVAL_Timers.o
#        E:\ACQ\Proj_ver09a_15102015\End_02\2013_11_25_Spirit1_Elektrolux\SPIRIT1_Library_Project\EWARM\DZ-SB-DISC01\Obj\SPIRIT_Aes.o
#        E:\ACQ\Proj_ver09a_15102015\End_02\2013_11_25_Spirit1_Elektrolux\SPIRIT1_Library_Project\EWARM\DZ-SB-DISC01\Obj\SPIRIT_Calibration.o
#        E:\ACQ\Proj_ver09a_15102015\End_02\2013_11_25_Spirit1_Elektrolux\SPIRIT1_Library_Project\EWARM\DZ-SB-DISC01\Obj\SPIRIT_Commands.o
#        E:\ACQ\Proj_ver09a_15102015\End_02\2013_11_25_Spirit1_Elektrolux\SPIRIT1_Library_Project\EWARM\DZ-SB-DISC01\Obj\SPIRIT_Csma.o
#        E:\ACQ\Proj_ver09a_15102015\End_02\2013_11_25_Spirit1_Elektrolux\SPIRIT1_Library_Project\EWARM\DZ-SB-DISC01\Obj\SPIRIT_DirectRF.o
#        E:\ACQ\Proj_ver09a_15102015\End_02\2013_11_25_Spirit1_Elektrolux\SPIRIT1_Library_Project\EWARM\DZ-SB-DISC01\Obj\SPIRIT_General.o
#        E:\ACQ\Proj_ver09a_15102015\End_02\2013_11_25_Spirit1_Elektrolux\SPIRIT1_Library_Project\EWARM\DZ-SB-DISC01\Obj\SPIRIT_Gpio.o
#        E:\ACQ\Proj_ver09a_15102015\End_02\2013_11_25_Spirit1_Elektrolux\SPIRIT1_Library_Project\EWARM\DZ-SB-DISC01\Obj\SPIRIT_Irq.o
#        E:\ACQ\Proj_ver09a_15102015\End_02\2013_11_25_Spirit1_Elektrolux\SPIRIT1_Library_Project\EWARM\DZ-SB-DISC01\Obj\SPIRIT_LinearFifo.o
#        E:\ACQ\Proj_ver09a_15102015\End_02\2013_11_25_Spirit1_Elektrolux\SPIRIT1_Library_Project\EWARM\DZ-SB-DISC01\Obj\SPIRIT_Management.o
#        E:\ACQ\Proj_ver09a_15102015\End_02\2013_11_25_Spirit1_Elektrolux\SPIRIT1_Library_Project\EWARM\DZ-SB-DISC01\Obj\SPIRIT_PktBasic.o
#        E:\ACQ\Proj_ver09a_15102015\End_02\2013_11_25_Spirit1_Elektrolux\SPIRIT1_Library_Project\EWARM\DZ-SB-DISC01\Obj\SPIRIT_PktCommon.o
#        E:\ACQ\Proj_ver09a_15102015\End_02\2013_11_25_Spirit1_Elektrolux\SPIRIT1_Library_Project\EWARM\DZ-SB-DISC01\Obj\SPIRIT_PktMbus.o
#        E:\ACQ\Proj_ver09a_15102015\End_02\2013_11_25_Spirit1_Elektrolux\SPIRIT1_Library_Project\EWARM\DZ-SB-DISC01\Obj\SPIRIT_PktStack.o
#        E:\ACQ\Proj_ver09a_15102015\End_02\2013_11_25_Spirit1_Elektrolux\SPIRIT1_Library_Project\EWARM\DZ-SB-DISC01\Obj\SPIRIT_Qi.o
#        E:\ACQ\Proj_ver09a_15102015\End_02\2013_11_25_Spirit1_Elektrolux\SPIRIT1_Library_Project\EWARM\DZ-SB-DISC01\Obj\SPIRIT_Radio.o
#        E:\ACQ\Proj_ver09a_15102015\End_02\2013_11_25_Spirit1_Elektrolux\SPIRIT1_Library_Project\EWARM\DZ-SB-DISC01\Obj\SPIRIT_SDK_Application.o
#        E:\ACQ\Proj_ver09a_15102015\End_02\2013_11_25_Spirit1_Elektrolux\SPIRIT1_Library_Project\EWARM\DZ-SB-DISC01\Obj\SPIRIT_Timer.o
#        E:\ACQ\Proj_ver09a_15102015\End_02\2013_11_25_Spirit1_Elektrolux\SPIRIT1_Library_Project\EWARM\DZ-SB-DISC01\Obj\SPIRIT_Types.o
#        E:\ACQ\Proj_ver09a_15102015\End_02\2013_11_25_Spirit1_Elektrolux\SPIRIT1_Library_Project\EWARM\DZ-SB-DISC01\Obj\startup_stm32l1xx_hd.o
#        E:\ACQ\Proj_ver09a_15102015\End_02\2013_11_25_Spirit1_Elektrolux\SPIRIT1_Library_Project\EWARM\DZ-SB-DISC01\Obj\stm32l1xx_adc.o
#        E:\ACQ\Proj_ver09a_15102015\End_02\2013_11_25_Spirit1_Elektrolux\SPIRIT1_Library_Project\EWARM\DZ-SB-DISC01\Obj\stm32l1xx_comp.o
#        E:\ACQ\Proj_ver09a_15102015\End_02\2013_11_25_Spirit1_Elektrolux\SPIRIT1_Library_Project\EWARM\DZ-SB-DISC01\Obj\stm32l1xx_crc.o
#        E:\ACQ\Proj_ver09a_15102015\End_02\2013_11_25_Spirit1_Elektrolux\SPIRIT1_Library_Project\EWARM\DZ-SB-DISC01\Obj\stm32l1xx_dac.o
#        E:\ACQ\Proj_ver09a_15102015\End_02\2013_11_25_Spirit1_Elektrolux\SPIRIT1_Library_Project\EWARM\DZ-SB-DISC01\Obj\stm32l1xx_dbgmcu.o
#        E:\ACQ\Proj_ver09a_15102015\End_02\2013_11_25_Spirit1_Elektrolux\SPIRIT1_Library_Project\EWARM\DZ-SB-DISC01\Obj\stm32l1xx_dma.o
#        E:\ACQ\Proj_ver09a_15102015\End_02\2013_11_25_Spirit1_Elektrolux\SPIRIT1_Library_Project\EWARM\DZ-SB-DISC01\Obj\stm32l1xx_exti.o
#        E:\ACQ\Proj_ver09a_15102015\End_02\2013_11_25_Spirit1_Elektrolux\SPIRIT1_Library_Project\EWARM\DZ-SB-DISC01\Obj\stm32l1xx_flash.o
#        E:\ACQ\Proj_ver09a_15102015\End_02\2013_11_25_Spirit1_Elektrolux\SPIRIT1_Library_Project\EWARM\DZ-SB-DISC01\Obj\stm32l1xx_flash_ramfunc.o
#        E:\ACQ\Proj_ver09a_15102015\End_02\2013_11_25_Spirit1_Elektrolux\SPIRIT1_Library_Project\EWARM\DZ-SB-DISC01\Obj\stm32l1xx_gpio.o
#        E:\ACQ\Proj_ver09a_15102015\End_02\2013_11_25_Spirit1_Elektrolux\SPIRIT1_Library_Project\EWARM\DZ-SB-DISC01\Obj\stm32l1xx_i2c.o
#        E:\ACQ\Proj_ver09a_15102015\End_02\2013_11_25_Spirit1_Elektrolux\SPIRIT1_Library_Project\EWARM\DZ-SB-DISC01\Obj\stm32l1xx_it.o
#        E:\ACQ\Proj_ver09a_15102015\End_02\2013_11_25_Spirit1_Elektrolux\SPIRIT1_Library_Project\EWARM\DZ-SB-DISC01\Obj\stm32l1xx_iwdg.o
#        E:\ACQ\Proj_ver09a_15102015\End_02\2013_11_25_Spirit1_Elektrolux\SPIRIT1_Library_Project\EWARM\DZ-SB-DISC01\Obj\stm32l1xx_lcd.o
#        E:\ACQ\Proj_ver09a_15102015\End_02\2013_11_25_Spirit1_Elektrolux\SPIRIT1_Library_Project\EWARM\DZ-SB-DISC01\Obj\stm32l1xx_pwr.o
#        E:\ACQ\Proj_ver09a_15102015\End_02\2013_11_25_Spirit1_Elektrolux\SPIRIT1_Library_Project\EWARM\DZ-SB-DISC01\Obj\stm32l1xx_rcc.o
#        E:\ACQ\Proj_ver09a_15102015\End_02\2013_11_25_Spirit1_Elektrolux\SPIRIT1_Library_Project\EWARM\DZ-SB-DISC01\Obj\stm32l1xx_rtc.o
#        E:\ACQ\Proj_ver09a_15102015\End_02\2013_11_25_Spirit1_Elektrolux\SPIRIT1_Library_Project\EWARM\DZ-SB-DISC01\Obj\stm32l1xx_spi.o
#        E:\ACQ\Proj_ver09a_15102015\End_02\2013_11_25_Spirit1_Elektrolux\SPIRIT1_Library_Project\EWARM\DZ-SB-DISC01\Obj\stm32l1xx_syscfg.o
#        E:\ACQ\Proj_ver09a_15102015\End_02\2013_11_25_Spirit1_Elektrolux\SPIRIT1_Library_Project\EWARM\DZ-SB-DISC01\Obj\stm32l1xx_tim.o
#        E:\ACQ\Proj_ver09a_15102015\End_02\2013_11_25_Spirit1_Elektrolux\SPIRIT1_Library_Project\EWARM\DZ-SB-DISC01\Obj\stm32l1xx_usart.o
#        E:\ACQ\Proj_ver09a_15102015\End_02\2013_11_25_Spirit1_Elektrolux\SPIRIT1_Library_Project\EWARM\DZ-SB-DISC01\Obj\stm32l1xx_wwdg.o
#        E:\ACQ\Proj_ver09a_15102015\End_02\2013_11_25_Spirit1_Elektrolux\SPIRIT1_Library_Project\EWARM\DZ-SB-DISC01\Obj\system_stm32l1xx.o
#        -o
#        E:\ACQ\Proj_ver09a_15102015\End_02\2013_11_25_Spirit1_Elektrolux\SPIRIT1_Library_Project\EWARM\DZ-SB-DISC01\Exe\2013_11_25_Spirit1_SB_Disc01_Elektrolux.out
#        --redirect _Printf=_PrintfSmall --redirect _Scanf=_ScanfSmall --map
#        E:\ACQ\Proj_ver09a_15102015\End_02\2013_11_25_Spirit1_Elektrolux\SPIRIT1_Library_Project\EWARM\DZ-SB-DISC01\List\2013_11_25_Spirit1_SB_Disc01_Elektrolux.map
#        --log libraries,modules --log_file
#        E:\ACQ\Proj_ver09a_15102015\End_02\2013_11_25_Spirit1_Elektrolux\SPIRIT1_Library_Project\EWARM\DZ-SB-DISC01\List\2013_11_25_Spirit1_SB_Disc01_Elektrolux.log
#        --config "C:\Program Files (x86)\IAR Systems\Embedded Workbench
#        7.2\arm\config\linker\ST\stm32l151xB.icf" --semihosting --entry
#        __iar_program_start --vfe
#
###############################################################################

*******************************************************************************
*** RUNTIME MODEL ATTRIBUTES
***

CppFlavor       = *
__SystemLibrary = DLib


*******************************************************************************
*** PLACEMENT SUMMARY
***

"A1":  place at 0x08000000 { ro section .intvec };
"P1":  place in [from 0x08000000 to 0x0801ffff] { ro };
"P2":  place in [from 0x20000000 to 0x20003fff] { rw, block CSTACK, block HEAP };

  Section            Kind        Address    Size  Object
  -------            ----        -------    ----  ------
"A1":                                      0x124
  .intvec            ro code  0x08000000   0x124  startup_stm32l1xx_hd.o [1]
                            - 0x08000124   0x124

"P1":                                     0x863e
  .text              ro code  0x08000124  0x1348  SPIRIT_Radio.o [1]
  .text              ro code  0x0800146c    0x3c  SPIRIT_General.o [1]
  .text              ro code  0x080014a8   0x738  SDK_EVAL_Spi_Driver.o [1]
  .text              ro code  0x08001be0    0x30  I32ToDbl.o [4]
  .text              ro code  0x08001c10   0x256  DblDiv.o [4]
  .text              ro code  0x08001e66    0x22  zero_init3.o [5]
  .text              ro code  0x08001e88    0x58  DblToI32.o [4]
  .text              ro code  0x08001ee0    0x38  SPIRIT_Types.o [1]
  .text              ro code  0x08001f18   0x53c  SPIRIT_Management.o [1]
  .text              ro code  0x08002454   0x174  SPIRIT_Calibration.o [1]
  .text              ro code  0x080025c8   0x1a2  DblMul.o [4]
  .rodata            const    0x0800276a     0x2  SDK_EVAL_Gpio.o [1]
  .text              ro code  0x0800276c    0x44  round.o [4]
  .text              ro code  0x080027b0   0x114  SDK_EVAL_Config.o [1]
  .text              ro code  0x080028c4   0x334  stm32l1xx_rcc.o [1]
  .text              ro code  0x08002bf8   0x3b8  stm32l1xx_gpio.o [1]
  .text              ro code  0x08002fb0   0x2b4  stm32l1xx_spi.o [1]
  .text              ro code  0x08003264    0x24  printf.o [3]
  .text              ro code  0x08003288    0x90  SPIRIT_Commands.o [1]
  .text              ro code  0x08003318    0x7e  xdint.o [4]
  .rodata            const    0x08003396     0x2  SDK_EVAL_Gpio.o [1]
  .text              ro code  0x08003398    0xe8  DblAdd.o [4]
  .text              ro code  0x08003480   0x2a4  End_Point.o [1]
  .text              ro code  0x08003724   0x4d8  xprintfsmall.o [3]
  .text              ro code  0x08003bfc   0x16c  DblSub.o [4]
  .text              ro code  0x08003d68   0x1bc  stm32l1xx_exti.o [1]
  .text              ro code  0x08003f24   0x1c8  SPIRIT_Irq.o [1]
  .text              ro code  0x080040ec    0xf8  SDK_EVAL_Led.o [1]
  .text              ro code  0x080041e4    0x28  SPIRIT_LinearFifo.o [1]
  .text              ro code  0x0800420c   0x884  ACQ.o [1]
  .text              ro code  0x08004a90    0x10  stm32l1xx_iwdg.o [1]
  .text              ro code  0x08004aa0   0x420  stm32l1xx_usart.o [1]
  .text              ro code  0x08004ec0   0x12c  misc.o [1]
  .text              ro code  0x08004fec   0x104  SDK_EVAL_Timers.o [1]
  .text              ro code  0x080050f0   0x198  SDK_EVAL_Gpio.o [1]
  .text              ro code  0x08005288   0x630  SPIRIT_SDK_Application.o [1]
  .text              ro code  0x080058b8   0x30c  SPIRIT_Gpio.o [1]
  .text              ro code  0x08005bc4   0x47c  SPIRIT_PktBasic.o [1]
  .text              ro code  0x08006040    0xdc  SPIRIT_Qi.o [1]
  .text              ro code  0x0800611c   0x270  SPIRIT_Timer.o [1]
  .text              ro code  0x0800638c    0x16  strchr.o [5]
  .rodata            const    0x080063a2     0x2  SDK_EVAL_Gpio.o [1]
  .text              ro code  0x080063a4    0x36  strlen.o [5]
  .rodata            const    0x080063da     0x2  SDK_EVAL_Gpio.o [1]
  .text              ro code  0x080063dc    0x58  memchr.o [5]
  .text              ro code  0x08006434   0x31a  stm32l1xx_flash.o [1]
  .rodata            const    0x0800674e     0x1  SDK_EVAL_Gpio.o [1]
  .rodata            const    0x0800674f     0x1  SDK_EVAL_Gpio.o [1]
  .text              ro code  0x08006750    0xfc  stm32l1xx_syscfg.o [1]
  .text              ro code  0x0800684c   0x65c  stm32l1xx_tim.o [1]
  .text              ro code  0x08006ea8    0x1e  I32ToFlt.o [4]
  .rodata            const    0x08006ec6     0x1  SDK_EVAL_Gpio.o [1]
  .rodata            const    0x08006ec7     0x1  SDK_EVAL_Gpio.o [1]
  .text              ro code  0x08006ec8    0x4e  FltToDbl.o [4]
  .text              ro code  0x08006f18    0x90  DblToFlt.o [4]
  .text              ro code  0x08006fa8    0x24  FltToU32.o [4]
  .text              ro code  0x08006fcc    0xe6  FltSub.o [4]
  .text              ro code  0x080070b4    0x24  FltCmpGe.o [4]
  .text              ro code  0x080070d8    0x98  SPIRIT_PktCommon.o [1]
  .text              ro code  0x08007170    0xd8  FltMul.o [4]
  .text              ro code  0x08007248    0xfc  FltDiv.o [4]
  .text              ro code  0x08007344    0x74  FltAdd.o [4]
  .text              ro code  0x080073b8   0x174  system_stm32l1xx.o [1]
  .text              ro code  0x0800752c    0xec  stm32l1xx_it.o [1]
  .text              ro code  0x08007618    0xd0  packbits_init.o [5]
  .text              ro code  0x080076e8     0x6  abort.o [3]
  .text              ro code  0x080076f0    0x14  exit.o [6]
  .text              ro code  0x08007704    0x6c  iarttio.o [6]
  .text              ro code  0x08007770     0x8  XShttio.o [3]
  .rodata            const    0x08007778    0xb4  SPIRIT_Radio.o [1]
  .rodata            const    0x0800782c    0x9c  stm32l1xx_syscfg.o [1]
  .rodata            const    0x080078c8    0x98  stm32l1xx_exti.o [1]
  .rodata            const    0x08007960    0x98  stm32l1xx_flash.o [1]
  .rodata            const    0x080079f8    0x98  stm32l1xx_gpio.o [1]
  .rodata            const    0x08007a90    0x98  stm32l1xx_rcc.o [1]
  .rodata            const    0x08007b28    0x98  stm32l1xx_spi.o [1]
  .rodata            const    0x08007bc0    0x98  stm32l1xx_tim.o [1]
  .rodata            const    0x08007c58    0x98  stm32l1xx_usart.o [1]
  .rodata            const    0x08007cf0    0x90  misc.o [1]
  .rodata            const    0x08007d80    0x8c  SPIRIT_Calibration.o [1]
  .rodata            const    0x08007e0c    0x88  SPIRIT_Commands.o [1]
  .rodata            const    0x08007e94    0x88  SPIRIT_Management.o [1]
  .rodata            const    0x08007f1c    0x88  SPIRIT_PktBasic.o [1]
  .rodata            const    0x08007fa4    0x88  SPIRIT_PktCommon.o [1]
  .rodata            const    0x0800802c    0x84  SPIRIT_Gpio.o [1]
  .rodata            const    0x080080b0    0x84  SPIRIT_Irq.o [1]
  .rodata            const    0x08008134    0x84  SPIRIT_Radio.o [1]
  .rodata            const    0x080081b8    0x84  SPIRIT_Timer.o [1]
  .rodata            const    0x0800823c    0x80  SPIRIT_Qi.o [1]
  .rodata            const    0x080082bc    0x74  SDK_EVAL_Gpio.o [1]
  .rodata            const    0x08008330    0x30  End_Point.o [1]
  .rodata            const    0x08008360    0x30  SPIRIT_Types.o [1]
  .text              ro code  0x08008390    0x28  putchar.o [3]
  .text              ro code  0x080083b8    0x10  write.o [6]
  .text              ro code  0x080083c8    0x1e  dwrite.o [6]
  .text              ro code  0x080083e6    0x20  iarwstd.o [6]
  .text              ro code  0x08008406    0x22  iarwrite.o [6]
  .text              ro code  0x08008428    0x28  data_init.o [5]
  .iar.init_table    const    0x08008450    0x2c  - Linker created -
  .rodata            const    0x0800847c    0x20  SPIRIT_Radio.o [1]
  .text              ro code  0x0800849c    0x1a  cmain.o [5]
  .text              ro code  0x080084b6     0x4  low_level_init.o [3]
  .text              ro code  0x080084ba     0x4  exit.o [3]
  .text              ro code  0x080084c0     0xa  cexit.o [5]
  .rodata            const    0x080084cc    0x18  SDK_EVAL_Led.o [1]
  .text              ro code  0x080084e4    0x16  xprout.o [3]
  .rodata            const    0x080084fc    0x10  SDK_EVAL_Gpio.o [1]
  .text              ro code  0x0800850c    0x10  startup_stm32l1xx_hd.o [1]
  .rodata            const    0x0800851c     0xc  SDK_EVAL_Led.o [1]
  .rodata            const    0x08008528     0xc  SPIRIT_SDK_Application.o [1]
  .text              ro code  0x08008534     0xc  cstartup_M.o [5]
  .rodata            const    0x08008540     0x8  SDK_EVAL_Spi_Driver.o [1]
  .rodata            const    0x08008548     0x4  SDK_EVAL_Gpio.o [1]
  .rodata            const    0x0800854c     0x4  SDK_EVAL_Gpio.o [1]
  .rodata            const    0x08008550     0x4  SPIRIT_Management.o [1]
  .rodata            const    0x08008554     0x4  SPIRIT_Management.o [1]
  .rodata            const    0x08008558     0x4  SPIRIT_Radio.o [1]
  .rodata            const    0x0800855c     0x4  SPIRIT_Radio.o [1]
  .rodata            const    0x08008560     0x4  SPIRIT_SDK_Application.o [1]
  .rodata            const    0x08008564     0x4  SPIRIT_SDK_Application.o [1]
  .rodata            const    0x08008568     0x4  SPIRIT_SDK_Application.o [1]
  .rodata            const    0x0800856c     0x4  SPIRIT_SDK_Application.o [1]
  .text              ro code  0x08008570     0x4  startup_stm32l1xx_hd.o [1]
  .text              ro code  0x08008574     0x4  startup_stm32l1xx_hd.o [1]
  .text              ro code  0x08008578     0x4  startup_stm32l1xx_hd.o [1]
  .text              ro code  0x0800857c     0x4  startup_stm32l1xx_hd.o [1]
  .text              ro code  0x08008580     0x4  startup_stm32l1xx_hd.o [1]
  .text              ro code  0x08008584     0x4  startup_stm32l1xx_hd.o [1]
  .text              ro code  0x08008588     0x4  startup_stm32l1xx_hd.o [1]
  .text              ro code  0x0800858c     0x4  startup_stm32l1xx_hd.o [1]
  .text              ro code  0x08008590     0x4  startup_stm32l1xx_hd.o [1]
  .text              ro code  0x08008594     0x4  startup_stm32l1xx_hd.o [1]
  .text              ro code  0x08008598     0x4  startup_stm32l1xx_hd.o [1]
  .text              ro code  0x0800859c     0x4  startup_stm32l1xx_hd.o [1]
  .text              ro code  0x080085a0     0x4  startup_stm32l1xx_hd.o [1]
  .text              ro code  0x080085a4     0x4  startup_stm32l1xx_hd.o [1]
  .text              ro code  0x080085a8     0x4  startup_stm32l1xx_hd.o [1]
  .text              ro code  0x080085ac     0x4  startup_stm32l1xx_hd.o [1]
  .text              ro code  0x080085b0     0x4  startup_stm32l1xx_hd.o [1]
  .text              ro code  0x080085b4     0x4  startup_stm32l1xx_hd.o [1]
  .text              ro code  0x080085b8     0x4  startup_stm32l1xx_hd.o [1]
  .text              ro code  0x080085bc     0x4  startup_stm32l1xx_hd.o [1]
  .text              ro code  0x080085c0     0x4  startup_stm32l1xx_hd.o [1]
  .text              ro code  0x080085c4     0x4  startup_stm32l1xx_hd.o [1]
  .text              ro code  0x080085c8     0x4  startup_stm32l1xx_hd.o [1]
  .text              ro code  0x080085cc     0x4  startup_stm32l1xx_hd.o [1]
  .text              ro code  0x080085d0     0x4  startup_stm32l1xx_hd.o [1]
  .text              ro code  0x080085d4     0x4  startup_stm32l1xx_hd.o [1]
  .text              ro code  0x080085d8     0x4  startup_stm32l1xx_hd.o [1]
  .text              ro code  0x080085dc     0x4  startup_stm32l1xx_hd.o [1]
  .text              ro code  0x080085e0     0x4  startup_stm32l1xx_hd.o [1]
  .text              ro code  0x080085e4     0x4  startup_stm32l1xx_hd.o [1]
  .text              ro code  0x080085e8     0x4  startup_stm32l1xx_hd.o [1]
  .text              ro code  0x080085ec     0x4  startup_stm32l1xx_hd.o [1]
  .text              ro code  0x080085f0     0x4  startup_stm32l1xx_hd.o [1]
  .text              ro code  0x080085f4     0x4  startup_stm32l1xx_hd.o [1]
  .text              ro code  0x080085f8     0x4  startup_stm32l1xx_hd.o [1]
  .text              ro code  0x080085fc     0x4  startup_stm32l1xx_hd.o [1]
  .text              ro code  0x08008600     0x4  startup_stm32l1xx_hd.o [1]
  .text              ro code  0x08008604     0x4  startup_stm32l1xx_hd.o [1]
  .text              ro code  0x08008608     0x4  startup_stm32l1xx_hd.o [1]
  .text              ro code  0x0800860c     0x4  startup_stm32l1xx_hd.o [1]
  .text              ro code  0x08008610     0x4  startup_stm32l1xx_hd.o [1]
  .text              ro code  0x08008614     0x4  startup_stm32l1xx_hd.o [1]
  .text              ro code  0x08008618     0x4  startup_stm32l1xx_hd.o [1]
  .text              ro code  0x0800861c     0x4  startup_stm32l1xx_hd.o [1]
  .text              ro code  0x08008620     0x4  startup_stm32l1xx_hd.o [1]
  .text              ro code  0x08008624     0x4  startup_stm32l1xx_hd.o [1]
  .text              ro code  0x08008628     0x4  startup_stm32l1xx_hd.o [1]
  .text              ro code  0x0800862c     0x4  startup_stm32l1xx_hd.o [1]
  .text              ro code  0x08008630     0x4  startup_stm32l1xx_hd.o [1]
  .text              ro code  0x08008634     0x4  startup_stm32l1xx_hd.o [1]
  .text              ro code  0x08008638     0x4  startup_stm32l1xx_hd.o [1]
  .text              ro code  0x0800863c     0x4  startup_stm32l1xx_hd.o [1]
  .rodata            const    0x08008640     0x0  zero_init3.o [5]
  .rodata            const    0x08008640     0x0  packbits_init.o [5]
  Initializer bytes  const    0x08008640   0x122  <for P2 s0>
                            - 0x08008762  0x863e

"P2":                                      0xac0
  P2 s0                       0x20000000   0x1d8  <Init block>
    .data            inited   0x20000000    0x60  ACQ.o [1]
    .data            inited   0x20000060    0x60  ACQ.o [1]
    .data            inited   0x200000c0    0x28  ACQ.o [1]
    .data            inited   0x200000e8    0x28  ACQ.o [1]
    .data            inited   0x20000110    0x1c  End_Point.o [1]
    .data            inited   0x2000012c    0x18  SDK_EVAL_Led.o [1]
    .data            inited   0x20000144    0x14  End_Point.o [1]
    .data            inited   0x20000158    0x10  End_Point.o [1]
    .data            inited   0x20000168    0x10  SDK_EVAL_Gpio.o [1]
    .data            inited   0x20000178    0x10  stm32l1xx_rcc.o [1]
    .data            inited   0x20000188     0xc  SDK_EVAL_Spi_Driver.o [1]
    .data            inited   0x20000194     0xc  SDK_EVAL_Spi_Driver.o [1]
    .data            inited   0x200001a0     0xc  stm32l1xx_rcc.o [1]
    .data            inited   0x200001ac     0x8  End_Point.o [1]
    .data            inited   0x200001b4     0x8  XShttio.o [3]
    .data            inited   0x200001bc     0x4  ACQ.o [1]
    .data            inited   0x200001c0     0x4  ACQ.o [1]
    .data            inited   0x200001c4     0x4  ACQ.o [1]
    .data            inited   0x200001c8     0x4  ACQ.o [1]
    .data            inited   0x200001cc     0x4  End_Point.o [1]
    .data            inited   0x200001d0     0x4  system_stm32l1xx.o [1]
    .data            inited   0x200001d4     0x1  ACQ.o [1]
    .data            inited   0x200001d5     0x1  SDK_EVAL_Config.o [1]
    .data            inited   0x200001d6     0x1  SPIRIT_General.o [1]
    .data            inited   0x200001d7     0x1  SPIRIT_Management.o [1]
  .bss               zero     0x200001d8    0x60  ACQ.o [1]
  .bss               zero     0x20000238     0xc  ACQ.o [1]
  .bss               zero     0x20000244     0x8  ACQ.o [1]
  .bss               zero     0x2000024c     0x8  ACQ.o [1]
  .bss               zero     0x20000254     0x4  ACQ.o [1]
  .bss               zero     0x20000258     0x4  ACQ.o [1]
  .bss               zero     0x2000025c     0x4  ACQ.o [1]
  .bss               zero     0x20000260     0x4  ACQ.o [1]
  .bss               zero     0x20000264     0x4  ACQ.o [1]
  .bss               zero     0x20000268     0x4  ACQ.o [1]
  .bss               zero     0x2000026c     0x4  ACQ.o [1]
  .bss               zero     0x20000270     0x4  ACQ.o [1]
  .bss               zero     0x20000274     0x4  ACQ.o [1]
  .bss               zero     0x20000278     0x4  ACQ.o [1]
  .bss               zero     0x2000027c     0x4  ACQ.o [1]
  .bss               zero     0x20000280     0x4  ACQ.o [1]
  .bss               zero     0x20000284     0x4  ACQ.o [1]
  .bss               zero     0x20000288     0x4  ACQ.o [1]
  .bss               zero     0x2000028c     0x4  End_Point.o [1]
  .bss               zero     0x20000290     0x4  SDK_EVAL_Led.o [1]
  .bss               zero     0x20000294     0x4  SDK_EVAL_Led.o [1]
  .bss               zero     0x20000298     0x4  SDK_EVAL_Led.o [1]
  .bss               zero     0x2000029c     0x4  SDK_EVAL_Spi_Driver.o [1]
  .bss               zero     0x200002a0     0x4  SDK_EVAL_Spi_Driver.o [1]
  .bss               zero     0x200002a4     0x4  SDK_EVAL_Spi_Driver.o [1]
  .bss               zero     0x200002a8     0x4  SDK_EVAL_Timers.o [1]
  .bss               zero     0x200002ac     0x4  SDK_EVAL_Timers.o [1]
  .bss               zero     0x200002b0     0x4  SPIRIT_Management.o [1]
  .bss               zero     0x200002b4     0x4  SPIRIT_Radio.o [1]
  .bss               zero     0x200002b8     0x4  SPIRIT_Types.o [1]
  .bss               zero     0x200002bc     0x1  ACQ.o [1]
  .bss               zero     0x200002bd     0x1  ACQ.o [1]
  .bss               zero     0x200002be     0x1  End_Point.o [1]
  .bss               zero     0x200002bf     0x1  SPIRIT_SDK_Application.o [1]
  CSTACK                      0x200002c0   0x800  <Block>
    CSTACK           uninit   0x200002c0   0x800  <Block tail>
                            - 0x20000ac0   0xac0


*******************************************************************************
*** INIT TABLE
***

          Address     Size
          -------     ----
Zero (__iar_zero_init3)
    1 destination range, total size 0xe8:
          0x200001d8   0xe8

Copy/packbits (__iar_packbits_init3)
    1 source range, total size 0x122 (61% of destination):
          0x08008640  0x122
    1 destination range, total size 0x1d8:
          0x20000000  0x1d8



*******************************************************************************
*** MODULE SUMMARY
***

    Module                    ro code  ro data  rw data
    ------                    -------  -------  -------
E:\ACQ\Proj_ver09a_15102015\End_02\2013_11_25_Spirit1_Elektrolux\SPIRIT1_Library_Project\EWARM\DZ-SB-DISC01\Obj: [1]
    ACQ.o                       2 180      178      471
    End_Point.o                   676       95       81
    SDK_EVAL_Config.o             276                 1
    SDK_EVAL_Gpio.o               408      162       16
    SDK_EVAL_Led.o                248       51       36
    SDK_EVAL_Spi_Driver.o       1 848       23       36
    SDK_EVAL_Timers.o             260                 8
    SPIRIT_Calibration.o          372      140
    SPIRIT_Commands.o             144      136
    SPIRIT_General.o               60        1        1
    SPIRIT_Gpio.o                 780      132
    SPIRIT_Irq.o                  456      132
    SPIRIT_LinearFifo.o            40
    SPIRIT_Management.o         1 340      145        5
    SPIRIT_PktBasic.o           1 148      136
    SPIRIT_PktCommon.o            152      136
    SPIRIT_Qi.o                   220      128
    SPIRIT_Radio.o              4 936      352        4
    SPIRIT_SDK_Application.o    1 584       28        1
    SPIRIT_Timer.o                624      132
    SPIRIT_Types.o                 56       48        4
    misc.o                        300      144
    startup_stm32l1xx_hd.o        516
    stm32l1xx_exti.o              444      152
    stm32l1xx_flash.o             794      152
    stm32l1xx_gpio.o              952      152
    stm32l1xx_it.o                236
    stm32l1xx_iwdg.o               16
    stm32l1xx_rcc.o               820      168       28
    stm32l1xx_spi.o               692      152
    stm32l1xx_syscfg.o            252      156
    stm32l1xx_tim.o             1 628      152
    stm32l1xx_usart.o           1 056      152
    system_stm32l1xx.o            372        2        4
    ---------------------------------------------------
    Total:                     25 886    3 537      696

command line: [2]
    ---------------------------------------------------
    Total:

dl7M_tln.a: [3]
    XShttio.o                       8        5        8
    abort.o                         6
    exit.o                          4
    low_level_init.o                4
    printf.o                       36
    putchar.o                      40
    xprintfsmall.o              1 240
    xprout.o                       22
    ---------------------------------------------------
    Total:                      1 360        5        8

m7M_tl.a: [4]
    DblAdd.o                      232
    DblDiv.o                      598
    DblMul.o                      418
    DblSub.o                      364
    DblToFlt.o                    144
    DblToI32.o                     88
    FltAdd.o                      116
    FltCmpGe.o                     36
    FltDiv.o                      252
    FltMul.o                      216
    FltSub.o                      230
    FltToDbl.o                     78
    FltToU32.o                     36
    I32ToDbl.o                     48
    I32ToFlt.o                     30
    round.o                        68
    xdint.o                       126
    ---------------------------------------------------
    Total:                      3 080

rt7M_tl.a: [5]
    cexit.o                        10
    cmain.o                        26
    cstartup_M.o                   12
    data_init.o                    40
    memchr.o                       88
    packbits_init.o               208
    strchr.o                       22
    strlen.o                       54
    zero_init3.o                   34
    ---------------------------------------------------
    Total:                        494

shb_l.a: [6]
    dwrite.o                       30
    exit.o                         20
    iarttio.o                     108
    iarwrite.o                     34
    iarwstd.o                      32
    write.o                        16
    ---------------------------------------------------
    Total:                        240

    Gaps                            8        4
    Linker created                          44    2 048
-------------------------------------------------------
    Grand Total:               31 068    3 590    2 752


*******************************************************************************
*** ENTRY LIST
***

Entry                      Address   Size  Type      Object
-----                      -------   ----  ----      ------
.iar.init_table$$Base   0x08008450          --   Gb  - Linker created -
.iar.init_table$$Limit  0x0800847c          --   Gb  - Linker created -
?main                   0x0800849d         Code  Gb  cmain.o [5]
ACQ_loop_timer          0x20000270    0x4  Data  Gb  ACQ.o [1]
ACQ_session_timer       0x20000274    0x4  Data  Gb  ACQ.o [1]
ACQ_state               0x20000254    0x4  Data  Gb  ACQ.o [1]
ACQ_wait_answ_timer     0x2000026c    0x4  Data  Gb  ACQ.o [1]
APBAHBPrescTable        0x20000178   0x10  Data  Lc  stm32l1xx_rcc.o [1]
App                     0x2000027c    0x4  Data  Gb  ACQ.o [1]
BusFault_Handler        0x08007533    0x2  Code  Gb  stm32l1xx_it.o [1]
CSTACK$$Base            0x200002c0          --   Gb  - Linker created -
CSTACK$$Limit           0x20000ac0          --   Gb  - Linker created -
DATA_EEPROM_EraseWord   0x08006467   0x3c  Code  Gb  stm32l1xx_flash.o [1]
DATA_EEPROM_FastProgramByte
                        0x080064a3   0x9c  Code  Gb  stm32l1xx_flash.o [1]
DATA_EEPROM_FastProgramWord
                        0x0800653f   0x56  Code  Gb  stm32l1xx_flash.o [1]
DATA_EEPROM_Lock        0x08006455   0x12  Code  Gb  stm32l1xx_flash.o [1]
DATA_EEPROM_ProgramByte
                        0x08006595   0x8c  Code  Gb  stm32l1xx_flash.o [1]
DATA_EEPROM_ProgramHalfWord
                        0x08006621   0xa8  Code  Gb  stm32l1xx_flash.o [1]
DATA_EEPROM_Unlock      0x08006435   0x20  Code  Gb  stm32l1xx_flash.o [1]
DebugMon_Handler        0x08007539    0x2  Code  Gb  stm32l1xx_it.o [1]
EXTI9_5_IRQHandler      0x08003495   0x7a  Code  Gb  End_Point.o [1]
EXTI_ClearFlag          0x08003eef   0x1e  Code  Gb  stm32l1xx_exti.o [1]
EXTI_GetFlagStatus      0x08003e4f   0xa0  Code  Gb  stm32l1xx_exti.o [1]
EXTI_Init               0x08003d69   0xe6  Code  Gb  stm32l1xx_exti.o [1]
FLASH_GetStatus         0x080066c9   0x38  Code  Gb  stm32l1xx_flash.o [1]
FLASH_WaitForLastOperation
                        0x08006721   0x2e  Code  Gb  stm32l1xx_flash.o [1]
FW_ID                   0x2000024c    0x8  Data  Gb  ACQ.o [1]
GPIO_Init               0x08002bf9  0x170  Code  Gb  stm32l1xx_gpio.o [1]
GPIO_PinAFConfig        0x08002e09  0x18c  Code  Gb  stm32l1xx_gpio.o [1]
GPIO_ResetBits          0x08002dc1   0x48  Code  Gb  stm32l1xx_gpio.o [1]
GPIO_SetBits            0x08002d69   0x58  Code  Gb  stm32l1xx_gpio.o [1]
HardFault_Handler       0x0800752f    0x2  Code  Gb  stm32l1xx_it.o [1]
IWDG_ReloadCounter      0x08004a91    0xa  Code  Gb  stm32l1xx_iwdg.o [1]
InStream_Read           0x08007619   0x22  Code  Lc  packbits_init.o [5]
LoadInt                 0x08003aab   0x4c  Code  Lc  xprintfsmall.o [3]
MemManage_Handler       0x08007531    0x2  Code  Gb  stm32l1xx_it.o [1]
NMI_Handler             0x0800752d    0x2  Code  Gb  stm32l1xx_it.o [1]
NVIC_EnableIRQ          0x08003481   0x14  Code  Lc  End_Point.o [1]
NVIC_Init               0x08004ec1   0x9c  Code  Gb  misc.o [1]
NVIC_SetPriority        0x08004fed   0x26  Code  Lc  SDK_EVAL_Timers.o [1]
NVIC_SetVectorTable     0x08004f5d   0x34  Code  Gb  misc.o [1]
PLLMulTable             0x200001a0    0xc  Data  Lc  stm32l1xx_rcc.o [1]
PendSV_Handler          0x0800753b    0x2  Code  Gb  stm32l1xx_it.o [1]
RCC_AHBPeriphClockCmd   0x08002a03   0x5c  Code  Gb  stm32l1xx_rcc.o [1]
RCC_APB1PeriphClockCmd  0x08002abb   0x5c  Code  Gb  stm32l1xx_rcc.o [1]
RCC_APB1PeriphResetCmd  0x08002b6f   0x4e  Code  Gb  stm32l1xx_rcc.o [1]
RCC_APB2PeriphClockCmd  0x08002a5f   0x5c  Code  Gb  stm32l1xx_rcc.o [1]
RCC_APB2PeriphResetCmd  0x08002b17   0x58  Code  Gb  stm32l1xx_rcc.o [1]
RCC_GetClocksFreq       0x080028c5  0x13e  Code  Gb  stm32l1xx_rcc.o [1]
Region$$Table$$Base     0x08008450          --   Gb  - Linker created -
Region$$Table$$Limit    0x0800847c          --   Gb  - Linker created -
SPIRIT_INIT             0x080035f9   0xe2  Code  Gb  End_Point.o [1]
SPI_Cmd                 0x08003159   0x52  Code  Gb  stm32l1xx_spi.o [1]
SPI_I2S_DeInit          0x08002fb1   0x5a  Code  Gb  stm32l1xx_spi.o [1]
SPI_I2S_GetFlagStatus   0x080031f5   0x62  Code  Gb  stm32l1xx_spi.o [1]
SPI_I2S_ReceiveData     0x080031ab   0x24  Code  Gb  stm32l1xx_spi.o [1]
SPI_I2S_SendData        0x080031cf   0x26  Code  Gb  stm32l1xx_spi.o [1]
SPI_Init                0x0800300b  0x14e  Code  Gb  stm32l1xx_spi.o [1]
SVC_Handler             0x08007537    0x2  Code  Gb  stm32l1xx_it.o [1]
SYSCFG_EXTILineConfig   0x08006751   0xf2  Code  Gb  stm32l1xx_syscfg.o [1]
SdkDelayMs              0x080050a1   0x26  Code  Gb  SDK_EVAL_Timers.o [1]
SdkEvalEnterShutdown    0x0800521d    0xe  Code  Gb  SDK_EVAL_Gpio.o [1]
SdkEvalExitShutdown     0x0800522b   0x22  Code  Gb  SDK_EVAL_Gpio.o [1]
SdkEvalGetVersion       0x080028a3    0x6  Code  Gb  SDK_EVAL_Config.o [1]
SdkEvalIdentification   0x080027b1   0xf2  Code  Gb  SDK_EVAL_Config.o [1]
SdkEvalLedInit          0x080040ed   0xb8  Code  Gb  SDK_EVAL_Led.o [1]
SdkEvalLedToggle        0x080041a5   0x26  Code  Gb  SDK_EVAL_Led.o [1]
SdkEvalM2SGpioInit      0x080050f1  0x104  Code  Gb  SDK_EVAL_Gpio.o [1]
SdkEvalM2SGpioInterruptCmd
                        0x080051f5   0x28  Code  Gb  SDK_EVAL_Gpio.o [1]
SdkEvalSpiCommandStrobes
                        0x080018f1   0xbe  Code  Gb  SDK_EVAL_Spi_Driver.o [1]
SdkEvalSpiInit          0x080014a9  0x1fc  Code  Gb  SDK_EVAL_Spi_Driver.o [1]
SdkEvalSpiReadFifo      0x08001aa9  0x116  Code  Gb  SDK_EVAL_Spi_Driver.o [1]
SdkEvalSpiReadRegisters
                        0x080017cf  0x122  Code  Gb  SDK_EVAL_Spi_Driver.o [1]
SdkEvalSpiWriteFifo     0x080019af   0xfa  Code  Gb  SDK_EVAL_Spi_Driver.o [1]
SdkEvalSpiWriteRegisters
                        0x080016a5  0x12a  Code  Gb  SDK_EVAL_Spi_Driver.o [1]
SdkStartSysTick         0x0800508f   0x12  Code  Gb  SDK_EVAL_Timers.o [1]
SetSysClock             0x0800740b   0xf8  Code  Lc  system_stm32l1xx.o [1]
SpiritCalibrationGetVcoCalData
                        0x080024b7   0x22  Code  Gb  SPIRIT_Calibration.o [1]
SpiritCalibrationSelectVco
                        0x08002561   0x5e  Code  Gb  SPIRIT_Calibration.o [1]
SpiritCalibrationSetVcoCalDataRx
                        0x0800251d   0x44  Code  Gb  SPIRIT_Calibration.o [1]
SpiritCalibrationSetVcoCalDataTx
                        0x080024d9   0x44  Code  Gb  SPIRIT_Calibration.o [1]
SpiritCalibrationVco    0x08002455   0x62  Code  Gb  SPIRIT_Calibration.o [1]
SpiritCmdStrobeCommand  0x08003289   0x90  Code  Gb  SPIRIT_Commands.o [1]
SpiritGeneralGetDevicePartNumber
                        0x0800146d   0x28  Code  Gb  SPIRIT_General.o [1]
SpiritGeneralGetSpiritVersion
                        0x0800149b    0x6  Code  Gb  SPIRIT_General.o [1]
SpiritGeneralSetSpiritVersion
                        0x08001495    0x6  Code  Gb  SPIRIT_General.o [1]
SpiritGpioClockOutput   0x08005a8b   0x62  Code  Gb  SPIRIT_Gpio.o [1]
SpiritGpioClockOutputInit
                        0x08005aed   0xd0  Code  Gb  SPIRIT_Gpio.o [1]
SpiritGpioInit          0x080058b9  0x140  Code  Gb  SPIRIT_Gpio.o [1]
SpiritGpioSetLevel      0x080059f9   0x92  Code  Gb  SPIRIT_Gpio.o [1]
SpiritIrq               0x08003f4d  0x148  Code  Gb  SPIRIT_Irq.o [1]
SpiritIrqClearStatus    0x080040cb   0x1a  Code  Gb  SPIRIT_Irq.o [1]
SpiritIrqDeInit         0x08003f25   0x28  Code  Gb  SPIRIT_Irq.o [1]
SpiritIrqGetStatus      0x08004095   0x36  Code  Gb  SPIRIT_Irq.o [1]
SpiritLinearFifoReadNumElementsRxFifo
                        0x080041e5   0x22  Code  Gb  SPIRIT_LinearFifo.o [1]
SpiritManagementComputeSpiritVersion
                        0x080057bb   0xb2  Code  Gb  SPIRIT_SDK_Application.o [1]
SpiritManagementComputeXtalFrequency
                        0x08005315  0x27a  Code  Gb  SPIRIT_SDK_Application.o [1]
SpiritManagementComputeXtalFrequencyGpio0
                        0x0800558f  0x22c  Code  Gb  SPIRIT_SDK_Application.o [1]
SpiritManagementIdentificationRFBoard
                        0x0800586d    0xc  Code  Gb  SPIRIT_SDK_Application.o [1]
SpiritManagementSetFrequencyBase
                        0x08001f19  0x1fa  Code  Gb  SPIRIT_Management.o [1]
SpiritManagementWaCmdStrobeRx
                        0x08002397   0x50  Code  Gb  SPIRIT_Management.o [1]
SpiritManagementWaCmdStrobeTx
                        0x08002301   0x96  Code  Gb  SPIRIT_Management.o [1]
SpiritManagementWaRxStartup
                        0x0800227d   0x42  Code  Gb  SPIRIT_Management.o [1]
SpiritManagementWaRxStartupInit
                        0x080022bf   0x42  Code  Gb  SPIRIT_Management.o [1]
SpiritManagementWaTRxFcMem
                        0x080023e7    0xc  Code  Gb  SPIRIT_Management.o [1]
SpiritManagementWaVcoCalibration
                        0x08002113  0x16a  Code  Gb  SPIRIT_Management.o [1]
SpiritPktBasicAddressesInit
                        0x08005ecb   0xfe  Code  Gb  SPIRIT_PktBasic.o [1]
SpiritPktBasicGetAddressField
                        0x08005fc9   0x2a  Code  Gb  SPIRIT_PktBasic.o [1]
SpiritPktBasicInit      0x08005bc5  0x306  Code  Gb  SPIRIT_PktBasic.o [1]
SpiritPktBasicSetPayloadLength
                        0x08005ff3   0x44  Code  Gb  SPIRIT_PktBasic.o [1]
SpiritPktCommonFilterOnCrc
                        0x080070fd   0x6a  Code  Gb  SPIRIT_PktCommon.o [1]
SpiritPktCommonGetControlLength
                        0x080070d9   0x24  Code  Gb  SPIRIT_PktCommon.o [1]
SpiritQiSetSqiThreshold
                        0x080060a9   0x6a  Code  Gb  SPIRIT_Qi.o [1]
SpiritQiSqiCheck        0x08006041   0x68  Code  Gb  SPIRIT_Qi.o [1]
SpiritRadioAFCFreezeOnSync
                        0x080012dd   0x60  Code  Gb  SPIRIT_Radio.o [1]
SpiritRadioGetBand      0x080009a5   0x4e  Code  Gb  SPIRIT_Radio.o [1]
SpiritRadioGetChannel   0x080009f3   0x1e  Code  Gb  SPIRIT_Radio.o [1]
SpiritRadioGetChannelSpace
                        0x08000a11   0x26  Code  Gb  SPIRIT_Radio.o [1]
SpiritRadioGetDigDiv    0x08001427   0x2e  Code  Gb  SPIRIT_Radio.o [1]
SpiritRadioGetFrequencyBase
                        0x08000cb9   0x62  Code  Gb  SPIRIT_Radio.o [1]
SpiritRadioGetFrequencyOffset
                        0x08000a65   0x48  Code  Gb  SPIRIT_Radio.o [1]
SpiritRadioGetRefDiv    0x0800139f   0x2e  Code  Gb  SPIRIT_Radio.o [1]
SpiritRadioGetSynthWord
                        0x08000969   0x3c  Code  Gb  SPIRIT_Radio.o [1]
SpiritRadioGetXtalFrequency
                        0x08001455    0x6  Code  Gb  SPIRIT_Radio.o [1]
SpiritRadioInit         0x08000125  0x5fc  Code  Gb  SPIRIT_Radio.o [1]
SpiritRadioSearchChannelBwME
                        0x08000e99  0x228  Code  Gb  SPIRIT_Radio.o [1]
SpiritRadioSearchDatarateME
                        0x08000d35  0x15a  Code  Gb  SPIRIT_Radio.o [1]
SpiritRadioSearchFreqDevME
                        0x080010c1  0x168  Code  Gb  SPIRIT_Radio.o [1]
SpiritRadioSearchWCP    0x08000791  0x1d8  Code  Gb  SPIRIT_Radio.o [1]
SpiritRadioSetDigDiv    0x080013cd   0x5a  Code  Gb  SPIRIT_Radio.o [1]
SpiritRadioSetFrequencyBase
                        0x08000ac1  0x1f8  Code  Gb  SPIRIT_Radio.o [1]
SpiritRadioSetPACwc     0x0800127d   0x60  Code  Gb  SPIRIT_Radio.o [1]
SpiritRadioSetRefDiv    0x08001345   0x5a  Code  Gb  SPIRIT_Radio.o [1]
SpiritRadioSetXtalFlag  0x08000721   0x70  Code  Gb  SPIRIT_Radio.o [1]
SpiritRadioSetXtalFrequency
                        0x0800145b    0x6  Code  Gb  SPIRIT_Radio.o [1]
SpiritRefreshStatus     0x08001efd   0x12  Code  Gb  SPIRIT_Types.o [1]
SpiritTimerComputeRxTimeoutValues
                        0x08006145  0x15c  Code  Gb  SPIRIT_Timer.o [1]
SpiritTimerSetRxTimeoutMs
                        0x0800611d   0x28  Code  Gb  SPIRIT_Timer.o [1]
SpiritTimerSetRxTimeoutStopCondition
                        0x080062a1   0xba  Code  Gb  SPIRIT_Timer.o [1]
Spirit_data             0x20000280    0x4  Data  Gb  ACQ.o [1]
SysTick_CLKSourceConfig
                        0x08004f91   0x36  Code  Gb  misc.o [1]
SysTick_Config          0x08005013   0x30  Code  Lc  SDK_EVAL_Timers.o [1]
SysTick_Handler         0x08005043   0x4c  Code  Gb  SDK_EVAL_Timers.o [1]
SystemCoreClock         0x200001d0    0x4  Data  Gb  system_stm32l1xx.o [1]
SystemInit              0x080073b9   0x52  Code  Gb  system_stm32l1xx.o [1]
SysyTickCnt             0x200002a8    0x4  Data  Gb  SDK_EVAL_Timers.o [1]
TI1_Config              0x08006dad   0x38  Code  Lc  stm32l1xx_tim.o [1]
TI2_Config              0x08006de5   0x42  Code  Lc  stm32l1xx_tim.o [1]
TI3_Config              0x08006e27   0x40  Code  Lc  stm32l1xx_tim.o [1]
TI4_Config              0x08006e67   0x42  Code  Lc  stm32l1xx_tim.o [1]
TIM3_IRQHandler         0x08005289   0x46  Code  Gb  SPIRIT_SDK_Application.o [1]
TIM4_IRQHandler         0x080052cf   0x46  Code  Gb  SPIRIT_SDK_Application.o [1]
TIM_ClearITPendingBit   0x08006d13   0x6e  Code  Gb  stm32l1xx_tim.o [1]
TIM_Cmd                 0x0800684d   0x74  Code  Gb  stm32l1xx_tim.o [1]
TIM_GetCapture2         0x080069f3   0x30  Code  Gb  stm32l1xx_tim.o [1]
TIM_GetITStatus         0x08006c5f   0xb4  Code  Gb  stm32l1xx_tim.o [1]
TIM_ICInit              0x080068e1  0x112  Code  Gb  stm32l1xx_tim.o [1]
TIM_ITConfig            0x08006bc5   0x9a  Code  Gb  stm32l1xx_tim.o [1]
TIM_SetIC1Prescaler     0x08006a29   0x76  Code  Gb  stm32l1xx_tim.o [1]
TIM_SetIC2Prescaler     0x08006a9f   0x68  Code  Gb  stm32l1xx_tim.o [1]
TIM_SetIC3Prescaler     0x08006b07   0x5e  Code  Gb  stm32l1xx_tim.o [1]
TIM_SetIC4Prescaler     0x08006b65   0x60  Code  Gb  stm32l1xx_tim.o [1]
USART1_IRQHandler       0x0800753f   0xac  Code  Gb  stm32l1xx_it.o [1]
USART1_Init             0x08003561   0x98  Code  Gb  End_Point.o [1]
USART_Cmd               0x08004c51   0x5e  Code  Gb  stm32l1xx_usart.o [1]
USART_GetITStatus       0x08004db9   0xf4  Code  Gb  stm32l1xx_usart.o [1]
USART_ITConfig          0x08004caf   0xf4  Code  Gb  stm32l1xx_usart.o [1]
USART_Init              0x08004aa1  0x1b0  Code  Gb  stm32l1xx_usart.o [1]
USB_LP_IRQHandler       0x0800753d    0x2  Code  Gb  stm32l1xx_it.o [1]
UsageFault_Handler      0x08007535    0x2  Code  Gb  stm32l1xx_it.o [1]
_LitobSmall             0x08003af7   0xce  Code  Lc  xprintfsmall.o [3]
_PrintfSmall            0x08003725  0x380  Code  Gb  xprintfsmall.o [3]
_Prout                  0x080084e5   0x16  Code  Gb  xprout.o [3]
_PutcharsSmall          0x08003bc5   0x2e  Code  Lc  xprintfsmall.o [3]
__aeabi_cfrcmple        0x080070b5         Code  Gb  FltCmpGe.o [4]
__aeabi_d2f             0x08006f19         Code  Gb  DblToFlt.o [4]
__aeabi_d2iz            0x08001e89         Code  Gb  DblToI32.o [4]
__aeabi_d2uiz           0x08001eb5         Code  Gb  DblToI32.o [4]
__aeabi_dadd            0x08003399         Code  Gb  DblAdd.o [4]
__aeabi_ddiv            0x08001c11         Code  Gb  DblDiv.o [4]
__aeabi_dmul            0x080025c9         Code  Gb  DblMul.o [4]
__aeabi_f2d             0x08006ec9         Code  Gb  FltToDbl.o [4]
__aeabi_f2uiz           0x08006fa9         Code  Gb  FltToU32.o [4]
__aeabi_fdiv            0x08007249         Code  Gb  FltDiv.o [4]
__aeabi_fmul            0x08007171         Code  Gb  FltMul.o [4]
__aeabi_fsub            0x08006fcd         Code  Gb  FltSub.o [4]
__aeabi_i2d             0x08001be1         Code  Gb  I32ToDbl.o [4]
__aeabi_ui2d            0x08001bf5         Code  Gb  I32ToDbl.o [4]
__aeabi_ui2f            0x08006ea9         Code  Gb  I32ToFlt.o [4]
__cmain                 0x0800849d         Code  Gb  cmain.o [5]
__dwrite                0x080083c9   0x1e  Code  Gb  dwrite.o [6]
__exit                  0x080076f1   0x14  Code  Gb  exit.o [6]
__iar_Dint              0x08003319   0x7e  Code  Gb  xdint.o [4]
__iar_Memchr            0x080063dd         Code  Gb  memchr.o [5]
__iar_Strchr            0x0800638d         Code  Gb  strchr.o [5]
__iar_close_ttio        0x08007705   0x2e  Code  Gb  iarttio.o [6]
__iar_d2uiz             0x08001ec1         Code  Gb  DblToI32.o [4]
__iar_dadd              0x080033ad         Code  Gb  DblAdd.o [4]
__iar_data_init3        0x08008429   0x28  Code  Gb  data_init.o [5]
__iar_dsub              0x08003bfd         Code  Gb  DblSub.o [4]
__iar_dsubStart         0x08003c0f         Code  Gb  DblSub.o [4]
__iar_fadd              0x08007345         Code  Gb  FltAdd.o [4]
__iar_fsub              0x08006fdd         Code  Gb  FltSub.o [4]
__iar_fsubStart         0x08006fed         Code  Gb  FltSub.o [4]
__iar_get_ttio          0x08007735   0x38  Code  Gb  iarttio.o [6]
__iar_lookup_ttioh      0x08007771    0x8  Code  Gb  XShttio.o [3]
__iar_packbits_init3    0x0800763b   0xae  Code  Gb  packbits_init.o [5]
__iar_program_start     0x08008535         Code  Gb  cstartup_M.o [5]
__iar_sh_stdout         0x080083e7   0x20  Code  Gb  iarwstd.o [6]
__iar_sh_write          0x08008407   0x22  Code  Gb  iarwrite.o [6]
__iar_ttio_handles      0x200001b4    0x8  Data  Lc  XShttio.o [3]
__iar_ui2d              0x08001bf9         Code  Gb  I32ToDbl.o [4]
__iar_ui2f              0x08006ead         Code  Gb  I32ToFlt.o [4]
__iar_zero_init3        0x08001e67   0x22  Code  Gb  zero_init3.o [5]
__low_level_init        0x080084b7    0x4  Code  Gb  low_level_init.o [3]
__vector_table          0x08000000         Data  Gb  startup_stm32l1xx_hd.o [1]
__write                 0x080083b9   0x10  Code  Gb  write.o [6]
_call_main              0x080084a9         Code  Gb  cmain.o [5]
_exit                   0x080084c1         Code  Gb  cexit.o [5]
_main                   0x080084b3         Code  Gb  cmain.o [5]
abort                   0x080076e9    0x6  Code  Gb  abort.o [3]
address_table           0x200000c0   0x28  Data  Gb  ACQ.o [1]
app_connect             0x08004809   0x24  Code  Gb  ACQ.o [1]
apply_command           0x0800482d   0xf6  Code  Gb  ACQ.o [1]
assert_failed           0x0800354f   0x12  Code  Gb  End_Point.o [1]
bft_cnt                 0x200001d4    0x1  Data  Gb  ACQ.o [1]
buffer_for_transf       0x20000060   0x60  Data  Gb  ACQ.o [1]
check_FW                0x0800498d   0x3c  Code  Gb  ACQ.o [1]
comm_status             0x20000258    0x4  Data  Gb  ACQ.o [1]
command_buffer          0x200001d8   0x60  Data  Gb  ACQ.o [1]
command_pending         0x20000288    0x4  Data  Gb  ACQ.o [1]
command_size            0x200001c8    0x4  Data  Gb  ACQ.o [1]
configure               0x08004563  0x2a6  Code  Gb  ACQ.o [1]
count_rec               0x200002bd    0x1  Data  Gb  ACQ.o [1]
crc                     0x200002bc    0x1  Data  Gb  ACQ.o [1]
daas_manage             0x0800420d  0x25e  Code  Gb  ACQ.o [1]
data_ready_for_parsing  0x20000278    0x4  Data  Gb  ACQ.o [1]
data_received           0x20000238    0xc  Data  Gb  ACQ.o [1]
exit                    0x080084bb    0x4  Code  Gb  exit.o [3]
frame_ind               0x200001c0    0x4  Data  Gb  ACQ.o [1]
frame_send_read         0x20000244    0x8  Data  Gb  ACQ.o [1]
frame_size              0x20000264    0x4  Data  Gb  ACQ.o [1]
g_xStatus               0x200002b8    0x4  Data  Gb  SPIRIT_Types.o [1]
hello                   0x20000000   0x60  Data  Gb  ACQ.o [1]
lSystickCounter         0x200002ac    0x4  Data  Gb  SDK_EVAL_Timers.o [1]
main                    0x0800350f   0x40  Code  Gb  End_Point.o [1]
max_var_ind             0x200001bc    0x4  Data  Gb  ACQ.o [1]
memchr                  0x080063dd         Code  Gb  memchr.o [5]
message_to_send         0x0800446b   0x6e  Code  Gb  ACQ.o [1]
printf                  0x08003265   0x24  Code  Gb  printf.o [3]
putchar                 0x08008391   0x28  Code  Gb  putchar.o [3]
round                   0x0800276d   0x44  Code  Gb  round.o [4]
s_SdkEvalVersion        0x200001d5    0x1  Data  Lc  SDK_EVAL_Config.o [1]
s_SpiPort               0x2000029c    0x4  Data  Lc  SDK_EVAL_Spi_Driver.o [1]
s_SpiPortVersion        0x20000188    0xc  Data  Lc  SDK_EVAL_Spi_Driver.o [1]
s_assert_failed         0x08001ee1   0x1c  Code  Gb  SPIRIT_Types.o [1]
s_cCommunicationState   0x200001d7    0x1  Data  Lc  SPIRIT_Management.o [1]
s_lXtalFrequency        0x200002b4    0x4  Data  Lc  SPIRIT_Radio.o [1]
s_nDesiredFrequency     0x200002b0    0x4  Data  Lc  SPIRIT_Management.o [1]
s_vectcBHalfFactor      0x08008554    0x4  Data  Lc  SPIRIT_Management.o [1]
s_vectcBHalfFactor      0x08008558    0x4  Data  Lc  SPIRIT_Radio.o [1]
s_vectcBandRegValue     0x08008550    0x4  Data  Lc  SPIRIT_Management.o [1]
s_vectcBandRegValue     0x0800855c    0x4  Data  Lc  SPIRIT_Radio.o [1]
s_vectcM2SGpioExtiIrqn  0x08006ec7    0x1  Data  Lc  SDK_EVAL_Gpio.o [1]
s_vectcM2SGpioExtiPinSource
                        0x0800674e    0x1  Data  Lc  SDK_EVAL_Gpio.o [1]
s_vectcM2SGpioExtiPortSource
                        0x080063da    0x2  Data  Lc  SDK_EVAL_Gpio.o [1]
s_vectlGpioClk          0x20000298    0x4  Data  Lc  SDK_EVAL_Led.o [1]
s_vectlGpioClkVersion   0x080084cc   0x18  Data  Lc  SDK_EVAL_Led.o [1]
s_vectlM2SExtiLine      0x0800854c    0x4  Data  Lc  SDK_EVAL_Gpio.o [1]
s_vectlM2SGpioClk       0x080084fc   0x10  Data  Lc  SDK_EVAL_Gpio.o [1]
s_vectnBandwidth26M     0x08007778   0xb4  Data  Lc  SPIRIT_Radio.o [1]
s_vectnGpioPin          0x20000294    0x4  Data  Lc  SDK_EVAL_Led.o [1]
s_vectnGpioPinVersion   0x0800851c    0xc  Data  Lc  SDK_EVAL_Led.o [1]
s_vectnM2SGpioPin       0x08008548    0x4  Data  Lc  SDK_EVAL_Gpio.o [1]
s_vectnSpiPin           0x200002a4    0x4  Data  Lc  SDK_EVAL_Spi_Driver.o [1]
s_vectnVCOFreq          0x0800847c   0x20  Data  Lc  SPIRIT_Radio.o [1]
s_vectpxSpiCsPinVersion
                        0x08008540    0x8  Data  Lc  SDK_EVAL_Spi_Driver.o [1]
s_vectpxSpiCsPortVersion
                        0x20000194    0xc  Data  Gb  SDK_EVAL_Spi_Driver.o [1]
s_vectpxSpiPort         0x200002a0    0x4  Data  Lc  SDK_EVAL_Spi_Driver.o [1]
s_vectxM2SGpioExtiTrigger
                        0x08006ec6    0x1  Data  Lc  SDK_EVAL_Gpio.o [1]
s_vectxM2SGpioOType     0x080063a2    0x2  Data  Lc  SDK_EVAL_Gpio.o [1]
s_vectxM2SGpioPuPd      0x08003396    0x2  Data  Lc  SDK_EVAL_Gpio.o [1]
s_vectxM2SGpioSpeed     0x0800276a    0x2  Data  Lc  SDK_EVAL_Gpio.o [1]
s_vectxM2sGpioExtiMode  0x0800674f    0x1  Data  Lc  SDK_EVAL_Gpio.o [1]
s_xSpiritVersion        0x200001d6    0x1  Data  Lc  SPIRIT_General.o [1]
s_xTIMChCompareModeRaised
                        0x200002bf    0x1  Data  Lc  SPIRIT_SDK_Application.o [1]
say_hello               0x08004923   0x6a  Code  Gb  ACQ.o [1]
send_ext_read           0x080044d9   0x8a  Code  Gb  ACQ.o [1]
send_to_Base_Station    0x080049c9   0x3e  Code  Gb  ACQ.o [1]
session_index           0x20000268    0x4  Data  Gb  ACQ.o [1]
session_number          0x200001c4    0x4  Data  Gb  ACQ.o [1]
size_index              0x20000260    0x4  Data  Gb  ACQ.o [1]
size_table              0x200000e8   0x28  Data  Gb  ACQ.o [1]
strchr                  0x0800638d         Code  Gb  strchr.o [5]
strlen                  0x080063a5         Code  Gb  strlen.o [5]
tempRegValue            0x20000284    0x4  Data  Gb  ACQ.o [1]
var_index               0x2000025c    0x4  Data  Gb  ACQ.o [1]
vectcTxBuff             0x20000144   0x14  Data  Gb  End_Point.o [1]
vectpxGpioPort          0x20000290    0x4  Data  Lc  SDK_EVAL_Led.o [1]
vectpxGpioPortVersion   0x2000012c   0x18  Data  Gb  SDK_EVAL_Led.o [1]
vectpxM2SGpioPort       0x20000168   0x10  Data  Gb  SDK_EVAL_Gpio.o [1]
xAddressInit            0x200001ac    0x8  Data  Gb  End_Point.o [1]
xBasicInit              0x20000158   0x10  Data  Gb  End_Point.o [1]
xGpioIRQ                0x200001cc    0x4  Data  Gb  End_Point.o [1]
xIrqStatus              0x2000028c    0x4  Data  Gb  End_Point.o [1]
xRadioInit              0x20000110   0x1c  Data  Gb  End_Point.o [1]
xSpiritVersionMap       0x08008528    0xc  Data  Gb  SPIRIT_SDK_Application.o [1]
xTxDoneFlag             0x200002be    0x1  Data  Gb  End_Point.o [1]


[1] = E:\ACQ\Proj_ver09a_15102015\End_02\2013_11_25_Spirit1_Elektrolux\SPIRIT1_Library_Project\EWARM\DZ-SB-DISC01\Obj
[2] = command line
[3] = dl7M_tln.a
[4] = m7M_tl.a
[5] = rt7M_tl.a
[6] = shb_l.a

  31 068 bytes of readonly  code memory
   3 590 bytes of readonly  data memory
   2 752 bytes of readwrite data memory

Errors: none
Warnings: none
