###############################################################################
#
# IAR ANSI C/C++ Compiler V7.40.2.8542/W32 for ARM        20/Nov/2015  05:05:55
# Copyright 1999-2015 IAR Systems AB.
#
#    Cpu mode     =  thumb
#    Endian       =  little
#    Source file  =  
#        E:\ACQ\Proj_ver09a_15102015\Base_02\2013_11_25_Spirit1_Elektrolux\STM32L\STM32_USB-FS-Device_Lib\Source\src\usb_init.c
#    Command line =  
#        E:\ACQ\Proj_ver09a_15102015\Base_02\2013_11_25_Spirit1_Elektrolux\STM32L\STM32_USB-FS-Device_Lib\Source\src\usb_init.c
#        -D USE_STDPERIPH_DRIVER -D VECT_TAB_FLASH -D STM32L1XX_MD -D
#        IAR_ARM_CM3 -D USE_FULL_ASSERT -D SPIRIT_USE_FULL_ASSERT -D
#        USE_SYSTICK_DELAY -D SDK -lC
#        E:\ACQ\Proj_ver09a_15102015\Base_02\2013_11_25_Spirit1_Elektrolux\SPIRIT1_Library_Project\EWARM\DZ-SB-DISC01\List\
#        -o
#        E:\ACQ\Proj_ver09a_15102015\Base_02\2013_11_25_Spirit1_Elektrolux\SPIRIT1_Library_Project\EWARM\DZ-SB-DISC01\Obj\
#        --no_cse --no_unroll --no_inline --no_code_motion --no_tbaa
#        --no_clustering --no_scheduling --debug --endian=little
#        --cpu=Cortex-M3 -e --fpu=None --dlib_config "C:\Program Files
#        (x86)\IAR Systems\Embedded Workbench
#        7.2\arm\INC\c\DLib_Config_Normal.h" -I
#        E:\ACQ\Proj_ver09a_15102015\Base_02\2013_11_25_Spirit1_Elektrolux\SPIRIT1_Library_Project\EWARM\.\
#        -I
#        E:\ACQ\Proj_ver09a_15102015\Base_02\2013_11_25_Spirit1_Elektrolux\SPIRIT1_Library_Project\EWARM\..\Application\
#        -I
#        E:\ACQ\Proj_ver09a_15102015\Base_02\2013_11_25_Spirit1_Elektrolux\SPIRIT1_Library_Project\EWARM\..\Application\examples\
#        -I
#        E:\ACQ\Proj_ver09a_15102015\Base_02\2013_11_25_Spirit1_Elektrolux\SPIRIT1_Library_Project\EWARM\..\Application\runtime\
#        -I
#        E:\ACQ\Proj_ver09a_15102015\Base_02\2013_11_25_Spirit1_Elektrolux\SPIRIT1_Library_Project\EWARM\..\..\STM32L\SDK_Eval_STM32L\Source\inc\
#        -I
#        E:\ACQ\Proj_ver09a_15102015\Base_02\2013_11_25_Spirit1_Elektrolux\SPIRIT1_Library_Project\EWARM\..\SPIRIT1_Library\Source\inc\
#        -I
#        E:\ACQ\Proj_ver09a_15102015\Base_02\2013_11_25_Spirit1_Elektrolux\SPIRIT1_Library_Project\EWARM\..\SDK_Eval_Util\Source\inc\
#        -I
#        E:\ACQ\Proj_ver09a_15102015\Base_02\2013_11_25_Spirit1_Elektrolux\SPIRIT1_Library_Project\EWARM\..\..\STM32L\STM32L1xx_StdPeriph_Lib\Source\CMSIS\CM3\DeviceSupport\ST\STM32L1xx\
#        -I
#        E:\ACQ\Proj_ver09a_15102015\Base_02\2013_11_25_Spirit1_Elektrolux\SPIRIT1_Library_Project\EWARM\..\..\STM32L\STM32L1xx_StdPeriph_Lib\Source\STM32L1xx_StdPeriph_Driver\inc\
#        -I
#        E:\ACQ\Proj_ver09a_15102015\Base_02\2013_11_25_Spirit1_Elektrolux\SPIRIT1_Library_Project\EWARM\..\..\STM32L\SDK_Virtual_Com\Source\inc\
#        -I
#        E:\ACQ\Proj_ver09a_15102015\Base_02\2013_11_25_Spirit1_Elektrolux\SPIRIT1_Library_Project\EWARM\..\..\STM32L\STM32_USB-FS-Device_Lib\Source\inc\
#        -I
#        E:\ACQ\Proj_ver09a_15102015\Base_02\2013_11_25_Spirit1_Elektrolux\SPIRIT1_Library_Project\EWARM\..\ACQ\
#        -On --use_c++_inline -I "C:\Program Files (x86)\IAR Systems\Embedded
#        Workbench 7.2\arm\CMSIS\Include\"
#    List file    =  
#        E:\ACQ\Proj_ver09a_15102015\Base_02\2013_11_25_Spirit1_Elektrolux\SPIRIT1_Library_Project\EWARM\DZ-SB-DISC01\List\usb_init.lst
#    Object file  =  
#        E:\ACQ\Proj_ver09a_15102015\Base_02\2013_11_25_Spirit1_Elektrolux\SPIRIT1_Library_Project\EWARM\DZ-SB-DISC01\Obj\usb_init.o
#
###############################################################################

E:\ACQ\Proj_ver09a_15102015\Base_02\2013_11_25_Spirit1_Elektrolux\STM32L\STM32_USB-FS-Device_Lib\Source\src\usb_init.c
      1          /******************** (C) COPYRIGHT 2011 STMicroelectronics ********************
      2          * File Name          : usb_init.c
      3          * Author             : MCD Application Team
      4          * Version            : V3.3.0
      5          * Date               : 21-March-2011
      6          * Description        : Initialization routines & global variables
      7          ********************************************************************************
      8          * THE PRESENT FIRMWARE WHICH IS FOR GUIDANCE ONLY AIMS AT PROVIDING CUSTOMERS
      9          * WITH CODING INFORMATION REGARDING THEIR PRODUCTS IN ORDER FOR THEM TO SAVE TIME.
     10          * AS A RESULT, STMICROELECTRONICS SHALL NOT BE HELD LIABLE FOR ANY DIRECT,
     11          * INDIRECT OR CONSEQUENTIAL DAMAGES WITH RESPECT TO ANY CLAIMS ARISING FROM THE
     12          * CONTENT OF SUCH FIRMWARE AND/OR THE USE MADE BY CUSTOMERS OF THE CODING
     13          * INFORMATION CONTAINED HEREIN IN CONNECTION WITH THEIR PRODUCTS.
     14          *******************************************************************************/
     15          
     16          /* Includes ------------------------------------------------------------------*/
     17          #include "usb_lib.h"
     18          
     19          /* Private typedef -----------------------------------------------------------*/
     20          /* Private define ------------------------------------------------------------*/
     21          /* Private macro -------------------------------------------------------------*/
     22          /* Private variables ---------------------------------------------------------*/
     23          /*  The number of current endpoint, it will be used to specify an endpoint */

   \                                 In section .bss, align 1
     24           uint8_t	EPindex;
   \                     EPindex:
   \   00000000                      DS8 1
     25          /*  The number of current device, it is an index to the Device_Table */
     26          /* uint8_t	Device_no; */
     27          /*  Points to the DEVICE_INFO structure of current device */
     28          /*  The purpose of this register is to speed up the execution */

   \                                 In section .bss, align 4
     29          DEVICE_INFO *pInformation;
   \                     pInformation:
   \   00000000                      DS8 4
     30          /*  Points to the DEVICE_PROP structure of current device */
     31          /*  The purpose of this register is to speed up the execution */

   \                                 In section .bss, align 4
     32          DEVICE_PROP *pProperty;
   \                     pProperty:
   \   00000000                      DS8 4
     33          /*  Temporary save the state of Rx & Tx status. */
     34          /*  Whenever the Rx or Tx state is changed, its value is saved */
     35          /*  in this variable first and will be set to the EPRB or EPRA */
     36          /*  at the end of interrupt process */

   \                                 In section .bss, align 2
     37          uint16_t	SaveState ;
   \                     SaveState:
   \   00000000                      DS8 2

   \                                 In section .bss, align 2
     38          uint16_t  wInterrupt_Mask;
   \                     wInterrupt_Mask:
   \   00000000                      DS8 2

   \                                 In section .bss, align 4
     39          DEVICE_INFO	Device_Info;
   \                     Device_Info:
   \   00000000                      DS8 28

   \                                 In section .bss, align 4
     40          USER_STANDARD_REQUESTS  *pUser_Standard_Requests;
   \                     pUser_Standard_Requests:
   \   00000000                      DS8 4
     41          
     42          /* Extern variables ----------------------------------------------------------*/
     43          /* Private function prototypes -----------------------------------------------*/
     44          /* Private functions ---------------------------------------------------------*/
     45          
     46          /*******************************************************************************
     47          * Function Name  : USB_Init
     48          * Description    : USB system initialization
     49          * Input          : None.
     50          * Output         : None.
     51          * Return         : None.
     52          *******************************************************************************/

   \                                 In section .text, align 4, keep-with-next
     53          void USB_Init(void)
     54          {
   \                     USB_Init: (+1)
   \   00000000   0xB580             PUSH     {R7,LR}
     55            pInformation = &Device_Info;
   \   00000002   0x4809             LDR.N    R0,??USB_Init_0
   \   00000004   0x4909             LDR.N    R1,??USB_Init_0+0x4
   \   00000006   0x6008             STR      R0,[R1, #+0]
     56            pInformation->ControlState = 2;
   \   00000008   0x2002             MOVS     R0,#+2
   \   0000000A   0x4908             LDR.N    R1,??USB_Init_0+0x4
   \   0000000C   0x6809             LDR      R1,[R1, #+0]
   \   0000000E   0x7208             STRB     R0,[R1, #+8]
     57            pProperty = &Device_Property;
   \   00000010   0x4807             LDR.N    R0,??USB_Init_0+0x8
   \   00000012   0x4908             LDR.N    R1,??USB_Init_0+0xC
   \   00000014   0x6008             STR      R0,[R1, #+0]
     58            pUser_Standard_Requests = &User_Standard_Requests;
   \   00000016   0x4808             LDR.N    R0,??USB_Init_0+0x10
   \   00000018   0x4908             LDR.N    R1,??USB_Init_0+0x14
   \   0000001A   0x6008             STR      R0,[R1, #+0]
     59            /* Initialize devices one by one */
     60            pProperty->Init();
   \   0000001C   0x4805             LDR.N    R0,??USB_Init_0+0xC
   \   0000001E   0x6800             LDR      R0,[R0, #+0]
   \   00000020   0x6800             LDR      R0,[R0, #+0]
   \   00000022   0x4780             BLX      R0
     61          }
   \   00000024   0xBD01             POP      {R0,PC}          ;; return
   \   00000026   0xBF00             Nop      
   \                     ??USB_Init_0:
   \   00000028   0x........         DC32     Device_Info
   \   0000002C   0x........         DC32     pInformation
   \   00000030   0x........         DC32     Device_Property
   \   00000034   0x........         DC32     pProperty
   \   00000038   0x........         DC32     User_Standard_Requests
   \   0000003C   0x........         DC32     pUser_Standard_Requests
     62          
     63          /******************* (C) COPYRIGHT 2011 STMicroelectronics *****END OF FILE****/

   Maximum stack usage in bytes:

   .cstack Function
   ------- --------
       8   USB_Init
         8   -- Indirect call


   Section sizes:

   Bytes  Function/Label
   -----  --------------
      28  Device_Info
       1  EPindex
       2  SaveState
      64  USB_Init
       4  pInformation
       4  pProperty
       4  pUser_Standard_Requests
       2  wInterrupt_Mask

 
 45 bytes in section .bss
 64 bytes in section .text
 
 64 bytes of CODE memory
 45 bytes of DATA memory

Errors: none
Warnings: none
